// Jest Snapshot v1, https://goo.gl/fbAQLP

exports[`AppCode test    test 1 1`] = `
<div>
  <div
    className="app__grid"
  >
    <div
      className="app__info"
    >
      <div
        className="app__info2"
      >
        <svg
          fill="#00000"
          height={32}
          onClick={[Function]}
          onDoubleClick={[Function]}
          viewBox="0 0 141.732 141.732"
          width={32}
          xmlns="http://www.w3.org/2000/svg"
        >
          <path
            d="M105.614,118.681c3.398,3.396,3.4,8.912,0,12.311c-3.396,3.399-8.91,3.398-12.311,0c-0.02-0.02-0.035-0.04-0.053-0.061 l-0.025,0.022l-57.66-57.66l0.024-0.022c-1.61-1.579-2.608-3.775-2.608-6.208c-0.002-2.73,1.258-5.166,3.229-6.762l-0.06-0.058 l57.66-57.66l0.025,0.024c0.018-0.021,0.033-0.039,0.053-0.058c3.4-3.4,8.912-3.4,12.312,0c3.398,3.396,3.398,8.908,0,12.311 c-0.021,0.02-0.041,0.034-0.061,0.054l0.023,0.024L54.043,67.063l51.54,51.54l-0.025,0.021 C105.573,118.646,105.594,118.66,105.614,118.681"
          />
        </svg>
        <svg
          fill="#add8e6"
          height={32}
          onClick={[Function]}
          onDoubleClick={[Function]}
          viewBox="0 0 24 24"
          width={32}
          xmlns="http://www.w3.org/2000/svg"
        >
          <g
            id="icons"
          >
            <path
              d="M22.2,14.4L21,13.7c-1.3-0.8-1.3-2.7,0-3.5l1.2-0.7c1-0.6,1.3-1.8,0.7-2.7l-1-1.7c-0.6-1-1.8-1.3-2.7-0.7 L18,5.1c-1.3,0.8-3-0.2-3-1.7V2c0-1.1-0.9-2-2-2h-2C9.9,0,9,0.9,9,2v1.3c0,1.5-1.7,2.5-3,1.7L4.8,4.4c-1-0.6-2.2-0.2-2.7,0.7 l-1,1.7C0.6,7.8,0.9,9,1.8,9.6L3,10.3C4.3,11,4.3,13,3,13.7l-1.2,0.7c-1,0.6-1.3,1.8-0.7,2.7l1,1.7c0.6,1,1.8,1.3,2.7,0.7L6,18.9 c1.3-0.8,3,0.2,3,1.7V22c0,1.1,0.9,2,2,2h2c1.1,0,2-0.9,2-2v-1.3c0-1.5,1.7-2.5,3-1.7l1.2,0.7c1,0.6,2.2,0.2,2.7-0.7l1-1.7 C23.4,16.2,23.1,15,22.2,14.4z M12,16c-2.2,0-4-1.8-4-4c0-2.2,1.8-4,4-4s4,1.8,4,4C16,14.2,14.2,16,12,16z"
              id="settings"
            />
          </g>
        </svg>
        <svg
          className="icon_rotate"
          fill="#6b5ee0"
          height={32}
          onClick={[Function]}
          onDoubleClick={[Function]}
          viewBox="0 0 141.732 141.732"
          width={32}
          xmlns="http://www.w3.org/2000/svg"
        >
          <path
            d="M105.614,118.681c3.398,3.396,3.4,8.912,0,12.311c-3.396,3.399-8.91,3.398-12.311,0c-0.02-0.02-0.035-0.04-0.053-0.061 l-0.025,0.022l-57.66-57.66l0.024-0.022c-1.61-1.579-2.608-3.775-2.608-6.208c-0.002-2.73,1.258-5.166,3.229-6.762l-0.06-0.058 l57.66-57.66l0.025,0.024c0.018-0.021,0.033-0.039,0.053-0.058c3.4-3.4,8.912-3.4,12.312,0c3.398,3.396,3.398,8.908,0,12.311 c-0.021,0.02-0.041,0.034-0.061,0.054l0.023,0.024L54.043,67.063l51.54,51.54l-0.025,0.021 C105.573,118.646,105.594,118.66,105.614,118.681"
          />
        </svg>
        <div
          onClick={[Function]}
          onDoubleClick={[Function]}
        >
          <span>
            1/1
          </span>
          <span
            className="eng_text_color"
          >
            (0)
          </span>
        </div>
        <svg
          className="icon_invert__horizontal"
          fill="#00000"
          height={32}
          onClick={[Function]}
          onDoubleClick={[Function]}
          viewBox="0 0 141.732 141.732"
          width={32}
          xmlns="http://www.w3.org/2000/svg"
        >
          <path
            d="M105.614,118.681c3.398,3.396,3.4,8.912,0,12.311c-3.396,3.399-8.91,3.398-12.311,0c-0.02-0.02-0.035-0.04-0.053-0.061 l-0.025,0.022l-57.66-57.66l0.024-0.022c-1.61-1.579-2.608-3.775-2.608-6.208c-0.002-2.73,1.258-5.166,3.229-6.762l-0.06-0.058 l57.66-57.66l0.025,0.024c0.018-0.021,0.033-0.039,0.053-0.058c3.4-3.4,8.912-3.4,12.312,0c3.398,3.396,3.398,8.908,0,12.311 c-0.021,0.02-0.041,0.034-0.061,0.054l0.023,0.024L54.043,67.063l51.54,51.54l-0.025,0.021 C105.573,118.646,105.594,118.66,105.614,118.681"
          />
        </svg>
      </div>
    </div>
    <div
      className="app__russian"
    >
      <div
        className="overflow_y_scroll"
      >
        <div
          className="app__center"
        >
          Русский текст
        </div>
      </div>
    </div>
    <div
      className="app__english"
    >
      <div
        className="overflow_y_scroll"
      >
        <div
          className="app__center eng_text_color"
        />
      </div>
    </div>
  </div>
</div>
`;
